asterix_comment.o: asterix_comment.cc \
	a.h \
	c.h \
	d.h
