commentindefine.o: commentindefine.cc \
	a.h \
	c.h \
	d.h
