../foo.o: ../foo.cpp \
	/home/bvh/src/fastdep/tests/foo.h \
	/home/bvh/src/fastdep/tests/barcfg.h
